// Jest Snapshot v1, https://goo.gl/fbAQLP

exports[`AddToWatchlist - renders correctly 1`] = `ShallowWrapper {}`;
