// Jest Snapshot v1, https://goo.gl/fbAQLP

exports[`Testing - renders correctly 1`] = `ShallowWrapper {}`;
